[36mvite v5.4.21 [32mbuilding for production...[36m[39m

/index.css doesn't exist at build time, it will remain unchanged to be resolved at runtime
transforming...
[32mΓ£ô[39m 1759 modules transformed.
x Build failed in 8.22s
error during build:
[vite]: Rollup failed to resolve import "@google/genai" from "E:/smart-hr-global-platform123/services/geminiService.ts".
This is most likely unintended because it can break your application at runtime.
If you do want to externalize this module explicitly add it to
`build.rollupOptions.external`
    at viteWarn (file:///E:/smart-hr-global-platform123/node_modules/vite/dist/node/chunks/dep-BK3b2jBa.js:65855:17)
    at onwarn (file:///E:/smart-hr-global-platform123/node_modules/@vitejs/plugin-react/dist/index.js:90:7)
    at onRollupWarning (file:///E:/smart-hr-global-platform123/node_modules/vite/dist/node/chunks/dep-BK3b2jBa.js:65885:5)
    at onwarn (file:///E:/smart-hr-global-platform123/node_modules/vite/dist/node/chunks/dep-BK3b2jBa.js:65550:7)
    at file:///E:/smart-hr-global-platform123/node_modules/rollup/dist/es/shared/node-entry.js:21046:13
    at Object.logger [as onLog] (file:///E:/smart-hr-global-platform123/node_modules/rollup/dist/es/shared/node-entry.js:22919:9)
    at ModuleLoader.handleInvalidResolvedId (file:///E:/smart-hr-global-platform123/node_modules/rollup/dist/es/shared/node-entry.js:21663:26)
    at file:///E:/smart-hr-global-platform123/node_modules/rollup/dist/es/shared/node-entry.js:21621:26
